// Jest Snapshot v1, https://goo.gl/fbAQLP

exports[`Should render single ExpenseListItem 1`] = `
<[object Object]
  className="list-item"
  to="/edit/2"
>
  <div>
    <h3
      className="list-item__title"
    >
      beer
    </h3>
    <span
      className="list-item__sub-title"
    >
      Dec 28th, 1969
    </span>
  </div>
  <h3
    className="list-item__date"
  >
    £9.00
  </h3>
</[object Object]>
`;
